{"query_params":[],"body":[],"method":"GET","uri":"\/genesis\/public\/api\/admins\/me"}
{"query_params":[],"body":{"email":"admin1@example.com","password":"AdminPassword1!"},"method":"POST","uri":"\/genesis\/public\/api\/login"}
{"query_params":[],"body":[],"method":"GET","uri":"\/genesis\/public\/api\/admins\/me"}
{"query_params":[],"body":[],"method":"GET","uri":"\/genesis\/public\/api\/batches\/names"}
{"query_params":[],"body":[],"method":"GET","uri":"\/genesis\/public\/api\/students"}
{"query_params":[],"body":[],"method":"GET","uri":"\/genesis\/public\/api\/batches\/names"}
{"query_params":[],"body":[],"method":"GET","uri":"\/genesis\/public\/api\/batches\/names"}
ts"}
{"query_params":{"limit":"10"},"body":[],"method":"GET","uri":"\/genesis\/public\/api\/students"}
{"query_params":[],"body":[],"method":"GET","uri":"\/genesis\/public\/api\/admins\/me"}
{"query_params":{"limit":"10"},"body":[],"method":"GET","uri":"\/genesis\/public\/api\/students"}
{"query_params":{"limit":"10"},"body":[],"method":"GET","uri":"\/genesis\/public\/api\/students"}
{"query_params":[],"body":[],"method":"GET","uri":"\/genesis\/public\/api\/batches\/names"}
{"query_params":[],"body":[],"method":"GET","uri":"\/genesis\/public\/api\/batches\/"}
{"query_params":[],"body":[],"method":"GET","uri":"\/genesis\/public\/api\/batches\/"}
{"query_params":{"limit":"10"},"body":[],"method":"GET","uri":"\/genesis\/public\/api\/students"}
{"query_params":[],"body":[],"method":"GET","uri":"\/genesis\/public\/api\/batches\/names"}
{"query_params":{"limit":"10"},"body":[],"method":"GET","uri":"\/genesis\/public\/api\/students"}
{"query_params":[],"body":[],"method":"GET","uri":"\/genesis\/public\/api\/batches\/names"}
{"query_params":[],"body":[],"method":"GET","uri":"\/genesis\/public\/api\/admins\/me"}
{"query_params":[],"body":[],"method":"GET","uri":"\/genesis\/public\/api\/batches\/names"}
{"query_params":{"limit":"10"},"body":[],"method":"GET","uri":"\/genesis\/public\/api\/students"}
{"query_params":[],"body":[],"method":"GET","uri":"\/genesis\/public\/api\/batches\/names"}
{"query_params":{"limit":"10"},"body":[],"method":"GET","uri":"\/genesis\/public\/api\/students"}
{"query_params":{"limit":"10"},"body":[],"method":"GET","uri":"\/genesis\/public\/api\/students"}
{"query_params":{"limit":"10","batch_id":"1"},"body":[],"method":"GET","uri":"\/genesis\/public\/api\/students"}
{"query_params":{"limit":"10","sub_batch_id":"2","batch_id":"1"},"body":[],"method":"GET","uri":"\/genesis\/public\/api\/students"}
